>> Got issues: [
NegativeTests.Heap.fst(26,21-26,54): (Error 19) assertion failed; The SMT solver could not prove the query, try to spell your proof in more detail or increase fuel/ifuel
> In the top-level declaration for `let test2`
> In the top-level declaration for `[@@expect_failure] let test2`
> While checking module NegativeTests.Heap
>>]
Verified module: NegativeTests.Heap
All verification conditions discharged successfully
